eeschema (2013-jul-07)-stable  >> Creation date: Tue 01 Mar 2016 03:40:18 AM EAT
#Cmp ( order = Reference )
| C1         100n        
| C2         2u2         
| C3         100n        
| C4         100n        
| C5         100n        
| C6         2u2         
| C7         100n        
| C8         100n        
| C9         100n        
| C10        100n        
| C11        100n        
| C12        2.2u        
| C13        100n        
| CON1       USB-MINI-B  
| D1         BAS40-05    
| D2         LED         
| D3         BAS40-05    
| F1         FUSE_F      
| JP1        JUMPER_F    
| JP2        JUMPER_F    
| JP3        JUMPER_F    
| L1         INDUCTOR_F  
| L2         INDUCTOR_F  
| L3         INDUCTOR_F  
| P1         CONN_1      
| P2         CONN_1      
| P3         CONN_1      
| P4         CONN_1      
| P5         CONN_1      
| P6         CONN_1      
| P7         CONN_1      
| P8         CONN_1      
| P9         CONN_1      
| P10        CONN_1      
| P11        CONN_1      
| P12        CONN_1      
| P13        CONN_1      
| P14        CONN_1      
| P15        CONN_1      
| P16        CONN_1      
| P17        CONN_1      
| P18        CONN_1      
| P19        CONN_1      
| P20        CONN_1      
| P21        CONN_1      
| P22        CONN_1      
| P23        CONN_1      
| P24        CONN_1      
| P25        CONN_1      
| P26        CONN_1      
| P27        CONN_1      
| P28        CONN_1      
| P29        CONN_1      
| P30        CONN_1      
| P31        CONN_1      
| P32        CONN_1      
| P33        CONN_1      
| P34        CONN_1      
| P35        CONN_5X2    
| P36        CONN_1      
| P37        CONN_1      
| P38        CONN_5X2    
| P40        CONN_1      
| R1         470         
| R2         33          
| R3         33          
| R4         R           
| R5         10k         
| R6         R           
| SW1        SW_PUSH     
| U1         MK20DX128VFT5
| U2         LT1129CST-3.3
| U3         74LS126     
| X1         CRYSTAL_SMD 
| X2         CRYSTAL_SMD 
| X3         MOLEX-MICRO-SD
#End Cmp

#Cmp ( order = Value )
| 100n         C1        
| 100n         C3        
| 100n         C4        
| 100n         C5        
| 100n         C7        
| 100n         C8        
| 100n         C9        
| 100n         C10       
| 100n         C11       
| 100n         C13       
| 2u2          C2        
| 2u2          C6        
| 2.2u         C12       
| USB-MINI-B   CON1      
| BAS40-05     D1        
| LED          D2        
| BAS40-05     D3        
| FUSE_F       F1        
| JUMPER_F     JP1       
| JUMPER_F     JP2       
| JUMPER_F     JP3       
| INDUCTOR_F   L1        
| INDUCTOR_F   L2        
| INDUCTOR_F   L3        
| CONN_1       P1        
| CONN_1       P2        
| CONN_1       P3        
| CONN_1       P4        
| CONN_1       P5        
| CONN_1       P6        
| CONN_1       P7        
| CONN_1       P8        
| CONN_1       P9        
| CONN_1       P10       
| CONN_1       P11       
| CONN_1       P12       
| CONN_1       P13       
| CONN_1       P14       
| CONN_1       P15       
| CONN_1       P16       
| CONN_1       P17       
| CONN_1       P18       
| CONN_1       P19       
| CONN_1       P20       
| CONN_1       P21       
| CONN_1       P22       
| CONN_1       P23       
| CONN_1       P24       
| CONN_1       P25       
| CONN_1       P26       
| CONN_1       P27       
| CONN_1       P28       
| CONN_1       P29       
| CONN_1       P30       
| CONN_1       P31       
| CONN_1       P32       
| CONN_1       P33       
| CONN_1       P34       
| CONN_5X2     P35       
| CONN_1       P36       
| CONN_1       P37       
| CONN_5X2     P38       
| CONN_1       P40       
| 33           R2        
| 33           R3        
| 470          R1        
| 10k          R5        
| R            R4        
| R            R6        
| SW_PUSH      SW1       
| LT1129CST-3.3 U2        
| MK20DX128VFT5 U1        
| 74LS126      U3        
| CRYSTAL_SMD  X1        
| CRYSTAL_SMD  X2        
| MOLEX-MICRO-SD X3        
#End Cmp

#End List
